warning: unused manifest key: profile.release.unwind-tables
   Compiling eLLM v0.1.0 (D:\eLLM)
error[E0432]: unresolved import `executor::SpinBarrier`
  --> src\runtime\mod.rs:13:49
   |
13 | pub use executor::{ExecutorPool, ServingRunner, SpinBarrier};
   |                                                 ^^^^^^^^^^^ no `SpinBarrier` in `runtime::executor`
   |
note: struct `crate::runtime::executor::executor::SpinBarrier` exists but is inaccessible
  --> src\runtime\executor\executor.rs:18:1
   |
18 | struct SpinBarrier {
   | ^^^^^^^^^^^^^^^^^^ not accessible

warning: unused import: `EngineConfig`
 --> src\config\command_line_interface.rs:2:47
  |
2 |     ChatConfig, Command, Config, ConvertType, EngineConfig, ModelDtype, RunnerType,
  |                                               ^^^^^^^^^^^^
  |
  = note: `#[warn(unused_imports)]` (part of `#[warn(unused)]`) on by default

warning: unused import: `std::ptr`
 --> src\kernel\scalar\complex_mul.rs:2:5
  |
2 | use std::ptr;
  |     ^^^^^^^^

warning: unused import: `__m512i`
 --> src\kernel\x86_64\f16_512\activation.rs:2:14
  |
2 |     __m512h, __m512i, _mm512_abs_ph, _mm512_add_epi16, _mm512_add_ph, _mm512_and_si512,
  |              ^^^^^^^

warning: unused import: `std::f16`
  --> src\kernel\x86_64\f16_512\activation.rs:10:5
   |
10 | use std::f16;
   |     ^^^^^^^^

warning: unused import: `_mm512_reduce_add_ph`
 --> src\kernel\x86_64\f16_512\flash_attention.rs:4:79
  |
4 |     __m512h, _mm512_fmadd_ph, _mm512_load_ph, _mm512_loadu_ph, _mm512_mul_ph, _mm512_reduce_add_ph,
  |                                                                               ^^^^^^^^^^^^^^^^^^^^

warning: unused import: `_mm512_setzero_ph`
 --> src\kernel\x86_64\f16_512\fused_gate_up_silu_mul_block.rs:4:70
  |
4 |     _mm512_fmadd_ph, _mm512_loadu_ph, _mm512_mul_ph, _mm512_set1_ph, _mm512_setzero_ph,
  |                                                                      ^^^^^^^^^^^^^^^^^

warning: unused import: `std::f16`
 --> src\kernel\x86_64\f16_512\moe_silu.rs:4:5
  |
4 | use std::f16;
  |     ^^^^^^^^

warning: unused import: `std::ptr`
 --> src\kernel\x86_64\f32_256\truncated_topk_softmax.rs:4:5
  |
4 | use std::ptr;
  |     ^^^^^^^^

warning: unused imports: `SessionMode` and `SlotManager`
 --> src\operators\operator.rs:4:31
  |
4 | use crate::runtime::session::{SessionMode, SlotManager};
  |                               ^^^^^^^^^^^  ^^^^^^^^^^^

warning: unused import: `crate::runtime::Scheduler`
 --> src\operators\operator.rs:6:5
  |
6 | use crate::runtime::Scheduler;
  |     ^^^^^^^^^^^^^^^^^^^^^^^^^

warning: unused import: `crate::kernel`
 --> src\operators\expert\expert_matmul_mul.rs:4:5
  |
4 | use crate::kernel;
  |     ^^^^^^^^^^^^^

warning: unused import: `crate::kernel`
 --> src\operators\expert\expert_merge_add.rs:4:5
  |
4 | use crate::kernel;
  |     ^^^^^^^^^^^^^

warning: unnecessary parentheses around assigned value
  --> src\operators\softmax\softmax_norm.rs:34:22
   |
34 |         let length = (batch_size * num_topk);
   |                      ^                     ^
   |
   = note: `#[warn(unused_parens)]` (part of `#[warn(unused)]`) on by default
help: remove these parentheses
   |
34 -         let length = (batch_size * num_topk);
34 +         let length = batch_size * num_topk ;
   |

warning: unused import: `std::time::Duration`
 --> src\runtime\executor\executor.rs:3:5
  |
3 | use std::time::Duration;
  |     ^^^^^^^^^^^^^^^^^^^

warning: unused import: `BatchTracker`
  --> src\runtime\executor\executor.rs:10:49
   |
10 | use crate::runtime::executor::plan::{BatchPlan, BatchTracker};
   |                                                 ^^^^^^^^^^^^

warning: unused import: `std::sync::Arc`
 --> src\runtime\executor\plan.rs:2:5
  |
2 | use std::sync::Arc;
  |     ^^^^^^^^^^^^^^

warning: unused import: `Phase`
  --> src\runtime\scheduler\core.rs:13:36
   |
13 | use crate::runtime::state::types::{Phase, SequenceState};
   |                                    ^^^^^

warning: variable does not need to be mutable
   --> src\runtime\session\slot_manager.rs:118:13
    |
118 |         let mut session_map = self.session_map.lock().await;
    |             ----^^^^^^^^^^^
    |             |
    |             help: remove this `mut`
    |
    = note: `#[warn(unused_mut)]` (part of `#[warn(unused)]`) on by default

warning: variable does not need to be mutable
  --> src\mem_mgr\allocator.rs:34:13
   |
34 |         let mut boxed = Self::allocate(length);
   |             ----^^^^^
   |             |
   |             help: remove this `mut`

warning: variable does not need to be mutable
   --> src\mem_mgr\allocator.rs:122:13
    |
122 |         let mut cloned = Self::allocate(self.length);
    |             ----^^^^^^
    |             |
    |             help: remove this `mut`

warning: unused variable: `prefill_size`
  --> src\operators\elementwise\complex_zip.rs:65:23
   |
65 |     pub fn run(&self, prefill_size: usize, cpu_num: usize, thread_id: usize) {
   |                       ^^^^^^^^^^^^ help: if this is intentional, prefix it with an underscore: `_prefill_size`
   |
   = note: `#[warn(unused_variables)]` (part of `#[warn(unused)]`) on by default

warning: unused variable: `input_ptr1`
   --> src\operators\elementwise\complex_zip.rs:175:23
    |
175 |     fn compute(&self, input_ptr1: *const f64, input_ptr2: *const f64, output_ptr: *mut f64) {
    |                       ^^^^^^^^^^ help: if this is intentional, prefix it with an underscore: `_input_ptr1`

warning: unused variable: `input_ptr2`
   --> src\operators\elementwise\complex_zip.rs:175:47
    |
175 |     fn compute(&self, input_ptr1: *const f64, input_ptr2: *const f64, output_ptr: *mut f64) {
    |                                               ^^^^^^^^^^ help: if this is intentional, prefix it with an underscore: `_input_ptr2`

warning: unused variable: `output_ptr`
   --> src\operators\elementwise\complex_zip.rs:175:71
    |
175 |     fn compute(&self, input_ptr1: *const f64, input_ptr2: *const f64, output_ptr: *mut f64) {
    |                                                                       ^^^^^^^^^^ help: if this is intentional, prefix it with an underscore: `_output_ptr`

warning: unused variable: `call_param`
   --> src\operators\expert\expert_matmul_mul.rs:660:13
    |
660 |         let call_param = MatMulParams {
    |             ^^^^^^^^^^ help: if this is intentional, prefix it with an underscore: `_call_param`

warning: unused variable: `call_param`
   --> src\operators\expert\expert_matmul_mul.rs:734:13
    |
734 |         let call_param = MatMulParams {
    |             ^^^^^^^^^^ help: if this is intentional, prefix it with an underscore: `_call_param`

warning: unused variable: `call_param`
   --> src\operators\expert\expert_matmul_silu_mul_matmul.rs:753:13
    |
753 |         let call_param = MatMulParams {
    |             ^^^^^^^^^^ help: if this is intentional, prefix it with an underscore: `_call_param`

warning: unused variable: `thread_num`
  --> src\operators\expert\expert_topk_norm.rs:57:9
   |
57 |         thread_num: usize,
   |         ^^^^^^^^^^ help: if this is intentional, prefix it with an underscore: `_thread_num`

warning: unused variable: `prefill_size`
  --> src\operators\left_vector.rs:23:9
   |
23 |         prefill_size: usize,
   |         ^^^^^^^^^^^^ help: if this is intentional, prefix it with an underscore: `_prefill_size`

warning: variable does not need to be mutable
  --> src\operators\normalization\add_rms_zip.rs:68:17
   |
68 |             let mut ptr1 = self.ptr1.ptr;
   |                 ----^^^^
   |                 |
   |                 help: remove this `mut`

warning: variable does not need to be mutable
  --> src\operators\normalization\add_rms_zip.rs:69:17
   |
69 |             let mut ptr2 = self.ptr2.ptr;
   |                 ----^^^^
   |                 |
   |                 help: remove this `mut`

warning: variable does not need to be mutable
  --> src\operators\normalization\add_rms_zip.rs:70:17
   |
70 |             let mut output_ptr = self.output_ptr.ptr;
   |                 ----^^^^^^^^^^
   |                 |
   |                 help: remove this `mut`

warning: unused variable: `input_ptr1`
   --> src\operators\normalization\add_rms_zip.rs:137:23
    |
137 |     fn compute(&self, input_ptr1: *const f64, input_ptr2: *const f64, output_ptr: *mut f64) {
    |                       ^^^^^^^^^^ help: if this is intentional, prefix it with an underscore: `_input_ptr1`

warning: unused variable: `input_ptr2`
   --> src\operators\normalization\add_rms_zip.rs:137:47
    |
137 |     fn compute(&self, input_ptr1: *const f64, input_ptr2: *const f64, output_ptr: *mut f64) {
    |                                               ^^^^^^^^^^ help: if this is intentional, prefix it with an underscore: `_input_ptr2`

warning: unused variable: `output_ptr`
   --> src\operators\normalization\add_rms_zip.rs:137:71
    |
137 |     fn compute(&self, input_ptr1: *const f64, input_ptr2: *const f64, output_ptr: *mut f64) {
    |                                                                       ^^^^^^^^^^ help: if this is intentional, prefix it with an underscore: `_output_ptr`

warning: variable does not need to be mutable
  --> src\operators\normalization\rms_map.rs:52:17
   |
52 |             let mut ptr1 = self.ptr1.ptr;
   |                 ----^^^^
   |                 |
   |                 help: remove this `mut`

warning: variable does not need to be mutable
  --> src\operators\normalization\rms_map.rs:53:17
   |
53 |             let mut output_ptr = self.output_ptr.ptr;
   |                 ----^^^^^^^^^^
   |                 |
   |                 help: remove this `mut`

warning: variable does not need to be mutable
  --> src\operators\softmax\softmax_norm.rs:40:25
   |
40 |                     let mut boxed = AlignedBox::allocate_init(length, T::default());
   |                         ----^^^^^
   |                         |
   |                         help: remove this `mut`

warning: unused variable: `thread_num`
  --> src\operators\softmax\softmax_norm.rs:59:9
   |
59 |         thread_num: usize,
   |         ^^^^^^^^^^ help: if this is intentional, prefix it with an underscore: `_thread_num`

warning: variable does not need to be mutable
  --> src\runtime\state\batch.rs:30:21
   |
30 |                 let mut merges: FxHashMap<String, u32> = FxHashMap::default();
   |                     ----^^^^^^
   |                     |
   |                     help: remove this `mut`

warning: unused variable: `write_len`
  --> src\serving\api.rs:41:10
   |
41 |     let (write_len, notifier) = if handle.is_reused {
   |          ^^^^^^^^^ help: if this is intentional, prefix it with an underscore: `_write_len`

warning: variable does not need to be mutable
   --> src\tensor\moe.rs:251:13
    |
251 |         let mut expert_counts_box = AlignedBox::<AtomicUsize>::allocate(num_experts);
    |             ----^^^^^^^^^^^^^^^^^
    |             |
    |             help: remove this `mut`

warning: variable does not need to be mutable
   --> src\tensor\moe.rs:259:13
    |
259 |         let mut index_tensor = AlignedBox::allocate_init(num_experts * capacity_per_expert, 0usize);
    |             ----^^^^^^^^^^^^
    |             |
    |             help: remove this `mut`

warning: variable does not need to be mutable
   --> src\tensor\moe.rs:265:13
    |
265 |         let mut score_tensor =
    |             ----^^^^^^^^^^^^
    |             |
    |             help: remove this `mut`

warning: variable does not need to be mutable
   --> src\tensor\moe.rs:272:13
    |
272 |         let mut topk_indices = AlignedBox::allocate_init(num_tokens * num_topk, 0usize);
    |             ----^^^^^^^^^^^^
    |             |
    |             help: remove this `mut`

For more information about this error, try `rustc --explain E0432`.
warning: `eLLM` (lib) generated 45 warnings
error: could not compile `eLLM` (lib) due to 1 previous error; 45 warnings emitted
