error: could not compile `eLLM` (lib) due to 2 previous errors; 44 warnings emitted
