warning: unused manifest key: profile.release.unwind-tables
warning: unused import: `EngineConfig`
 --> src\config\command_line_interface.rs:2:47
  |
2 |     ChatConfig, Command, Config, ConvertType, EngineConfig, ModelDtype, ...
  |                                               ^^^^^^^^^^^^
  |
  = note: `#[warn(unused_imports)]` (part of `#[warn(unused)]`) on by default

warning: unused import: `std::ptr`
 --> src\kernel\scalar\complex_mul.rs:2:5
  |
2 | use std::ptr;
  |     ^^^^^^^^

warning: unused import: `__m512i`
 --> src\kernel\x86_64\f16_512\activation.rs:2:14
  |
2 |     __m512h, __m512i, _mm512_abs_ph, _mm512_add_epi16, _mm512_add_ph, _m...
  |              ^^^^^^^

warning: unused import: `std::f16`
  --> src\kernel\x86_64\f16_512\activation.rs:10:5
   |
10 | use std::f16;
   |     ^^^^^^^^

warning: unused import: `_mm512_reduce_add_ph`
 --> src\kernel\x86_64\f16_512\flash_attention.rs:4:79
  |
4 | ...oadu_ph, _mm512_mul_ph, _mm512_reduce_add_ph,
  |                            ^^^^^^^^^^^^^^^^^^^^

warning: unused import: `_mm512_setzero_ph`
 --> src\kernel\x86_64\f16_512\fused_gate_up_silu_mul_block.rs:4:70
  |
4 | ...2_mul_ph, _mm512_set1_ph, _mm512_setzero_ph,
  |                              ^^^^^^^^^^^^^^^^^

warning: unused import: `std::f16`
 --> src\kernel\x86_64\f16_512\moe_silu.rs:4:5
  |
4 | use std::f16;
  |     ^^^^^^^^

warning: unused import: `std::ptr`
 --> src\kernel\x86_64\f32_256\truncated_topk_softmax.rs:4:5
  |
4 | use std::ptr;
  |     ^^^^^^^^

warning: unused imports: `SessionMode` and `SlotManager`
 --> src\operators\operator.rs:4:31
  |
4 | use crate::runtime::session::{SessionMode, SlotManager};
  |                               ^^^^^^^^^^^  ^^^^^^^^^^^

warning: unused import: `crate::runtime::Scheduler`
 --> src\operators\operator.rs:6:5
  |
6 | use crate::runtime::Scheduler;
  |     ^^^^^^^^^^^^^^^^^^^^^^^^^

warning: unused import: `crate::kernel`
 --> src\operators\expert\expert_matmul_mul.rs:4:5
  |
4 | use crate::kernel;
  |     ^^^^^^^^^^^^^

warning: unused import: `crate::kernel`
 --> src\operators\expert\expert_merge_add.rs:4:5
  |
4 | use crate::kernel;
  |     ^^^^^^^^^^^^^

warning: unnecessary parentheses around assigned value
  --> src\operators\softmax\softmax_norm.rs:34:22
   |
34 |         let length = (batch_size * num_topk);
   |                      ^                     ^
   |
   = note: `#[warn(unused_parens)]` (part of `#[warn(unused)]`) on by default
help: remove these parentheses
   |
34 -         let length = (batch_size * num_topk);
34 +         let length = batch_size * num_topk ;
   |

warning: variable does not need to be mutable
   --> src\runtime\session\slot_manager.rs:118:13
    |
118 |         let mut session_map = self.session_map.lock().await;
    |             ----^^^^^^^^^^^
    |             |
    |             help: remove this `mut`
    |
    = note: `#[warn(unused_mut)]` (part of `#[warn(unused)]`) on by default

warning: variable does not need to be mutable
  --> src\mem_mgr\allocator.rs:34:13
   |
34 |         let mut boxed = Self::allocate(length);
   |             ----^^^^^
   |             |
   |             help: remove this `mut`

warning: variable does not need to be mutable
   --> src\mem_mgr\allocator.rs:122:13
    |
122 |         let mut cloned = Self::allocate(self.length);
    |             ----^^^^^^
    |             |
    |             help: remove this `mut`

warning: unused variable: `prefill_size`
  --> src\operators\elementwise\complex_zip.rs:65:23
   |
65 |     pub fn run(&self, prefill_size: usize, cpu_num: usize, thread_id: u...
   |                       ^^^^^^^^^^^^ help: if this is intentional, prefix it with an underscore: `_prefill_size`
   |
   = note: `#[warn(unused_variables)]` (part of `#[warn(unused)]`) on by default

warning: unused variable: `input_ptr1`
   --> src\operators\elementwise\complex_zip.rs:175:23
    |
175 |     fn compute(&self, input_ptr1: *const f64, input_ptr2: *const f64, ...
    |                       ^^^^^^^^^^ help: if this is intentional, prefix it with an underscore: `_input_ptr1`

warning: unused variable: `input_ptr2`
   --> src\operators\elementwise\complex_zip.rs:175:47
    |
175 | ...nput_ptr1: *const f64, input_ptr2: *const f64, output_ptr: *mut f64) {
    |                           ^^^^^^^^^^ help: if this is intentional, prefix it with an underscore: `_input_ptr2`

warning: unused variable: `output_ptr`
   --> src\operators\elementwise\complex_zip.rs:175:71
    |
175 | ...nput_ptr2: *const f64, output_ptr: *mut f64) {
    |                           ^^^^^^^^^^ help: if this is intentional, prefix it with an underscore: `_output_ptr`

warning: unused variable: `call_param`
   --> src\operators\expert\expert_matmul_mul.rs:660:13
    |
660 |         let call_param = MatMulParams {
    |             ^^^^^^^^^^ help: if this is intentional, prefix it with an underscore: `_call_param`

warning: unused variable: `call_param`
   --> src\operators\expert\expert_matmul_mul.rs:734:13
    |
734 |         let call_param = MatMulParams {
    |             ^^^^^^^^^^ help: if this is intentional, prefix it with an underscore: `_call_param`

warning: unused variable: `call_param`
   --> src\operators\expert\expert_matmul_silu_mul_matmul.rs:753:13
    |
753 |         let call_param = MatMulParams {
    |             ^^^^^^^^^^ help: if this is intentional, prefix it with an underscore: `_call_param`

warning: unused variable: `thread_num`
  --> src\operators\expert\expert_topk_norm.rs:57:9
   |
57 |         thread_num: usize,
   |         ^^^^^^^^^^ help: if this is intentional, prefix it with an underscore: `_thread_num`

warning: unused variable: `prefill_size`
  --> src\operators\left_vector.rs:23:9
   |
23 |         prefill_size: usize,
   |         ^^^^^^^^^^^^ help: if this is intentional, prefix it with an underscore: `_prefill_size`

warning: variable does not need to be mutable
  --> src\operators\normalization\add_rms_zip.rs:68:17
   |
68 |             let mut ptr1 = self.ptr1.ptr;
   |                 ----^^^^
   |                 |
   |                 help: remove this `mut`

warning: variable does not need to be mutable
  --> src\operators\normalization\add_rms_zip.rs:69:17
   |
69 |             let mut ptr2 = self.ptr2.ptr;
   |                 ----^^^^
   |                 |
   |                 help: remove this `mut`

warning: variable does not need to be mutable
  --> src\operators\normalization\add_rms_zip.rs:70:17
   |
70 |             let mut output_ptr = self.output_ptr.ptr;
   |                 ----^^^^^^^^^^
   |                 |
   |                 help: remove this `mut`

warning: unused variable: `input_ptr1`
   --> src\operators\normalization\add_rms_zip.rs:137:23
    |
137 |     fn compute(&self, input_ptr1: *const f64, input_ptr2: *const f64, ...
    |                       ^^^^^^^^^^ help: if this is intentional, prefix it with an underscore: `_input_ptr1`

warning: unused variable: `input_ptr2`
   --> src\operators\normalization\add_rms_zip.rs:137:47
    |
137 | ...nput_ptr1: *const f64, input_ptr2: *const f64, output_ptr: *mut f64) {
    |                           ^^^^^^^^^^ help: if this is intentional, prefix it with an underscore: `_input_ptr2`

warning: unused variable: `output_ptr`
   --> src\operators\normalization\add_rms_zip.rs:137:71
    |
137 | ...nput_ptr2: *const f64, output_ptr: *mut f64) {
    |                           ^^^^^^^^^^ help: if this is intentional, prefix it with an underscore: `_output_ptr`

warning: variable does not need to be mutable
  --> src\operators\normalization\rms_map.rs:52:17
   |
52 |             let mut ptr1 = self.ptr1.ptr;
   |                 ----^^^^
   |                 |
   |                 help: remove this `mut`

warning: variable does not need to be mutable
  --> src\operators\normalization\rms_map.rs:53:17
   |
53 |             let mut output_ptr = self.output_ptr.ptr;
   |                 ----^^^^^^^^^^
   |                 |
   |                 help: remove this `mut`

warning: variable does not need to be mutable
  --> src\operators\softmax\softmax_norm.rs:40:25
   |
40 | ...   let mut boxed = AlignedBox::allocate_init(length, T::default());
   |           ----^^^^^
   |           |
   |           help: remove this `mut`

warning: unused variable: `thread_num`
  --> src\operators\softmax\softmax_norm.rs:59:9
   |
59 |         thread_num: usize,
   |         ^^^^^^^^^^ help: if this is intentional, prefix it with an underscore: `_thread_num`

warning: unused variable: `batch_size`
   --> src\runtime\scheduler\core.rs:103:9
    |
103 |         batch_size: usize,
    |         ^^^^^^^^^^ help: if this is intentional, prefix it with an underscore: `_batch_size`

warning: unused variable: `chunk_size`
   --> src\runtime\scheduler\core.rs:104:9
    |
104 |         chunk_size: usize,
    |         ^^^^^^^^^^ help: if this is intentional, prefix it with an underscore: `_chunk_size`

warning: variable does not need to be mutable
  --> src\runtime\state\batch.rs:30:21
   |
30 | ...   let mut merges: FxHashMap<String, u32> = FxHashMap::default();
   |           ----^^^^^^
   |           |
   |           help: remove this `mut`

warning: unused variable: `write_len`
  --> src\serving\api.rs:41:10
   |
41 |     let (write_len, notifier) = if handle.is_reused {
   |          ^^^^^^^^^ help: if this is intentional, prefix it with an underscore: `_write_len`

warning: variable does not need to be mutable
   --> src\tensor\moe.rs:251:13
    |
251 | ...   let mut expert_counts_box = AlignedBox::<AtomicUsize>::allocate(...
    |           ----^^^^^^^^^^^^^^^^^
    |           |
    |           help: remove this `mut`

warning: variable does not need to be mutable
   --> src\tensor\moe.rs:259:13
    |
259 | ...   let mut index_tensor = AlignedBox::allocate_init(num_experts * c...
    |           ----^^^^^^^^^^^^
    |           |
    |           help: remove this `mut`

warning: variable does not need to be mutable
   --> src\tensor\moe.rs:265:13
    |
265 |         let mut score_tensor =
    |             ----^^^^^^^^^^^^
    |             |
    |             help: remove this `mut`

warning: variable does not need to be mutable
   --> src\tensor\moe.rs:272:13
    |
272 | ...   let mut topk_indices = AlignedBox::allocate_init(num_tokens * nu...
    |           ----^^^^^^^^^^^^
    |           |
    |           help: remove this `mut`

warning: function `sum_square` is never used
 --> src\kernel\x86_64\f16_512\rms_norm.rs:9:4
  |
9 | fn sum_square(input_ptr: *const f16, length: usize) -> f16 {
  |    ^^^^^^^^^^
  |
  = note: `#[warn(dead_code)]` (part of `#[warn(unused)]`) on by default

warning: function `max_abs` is never used
  --> src\kernel\x86_64\f16_512\rms_norm.rs:21:4
   |
21 | fn max_abs(input_ptr: *const f16, length: usize) -> f16 {
   |    ^^^^^^^

warning: function `scaled_sum_square` is never used
  --> src\kernel\x86_64\f16_512\rms_norm.rs:33:4
   |
33 | fn scaled_sum_square(input_ptr: *const f16, length: usize, scale: f16) ...
   |    ^^^^^^^^^^^^^^^^^

warning: function `add_sum_square` is never used
  --> src\kernel\x86_64\f16_512\rms_norm.rs:46:4
   |
46 | fn add_sum_square(
   |    ^^^^^^^^^^^^^^

warning: methods `as_ptr`, `len`, and `as_slice` are never used
  --> src\mem_mgr\mem_pool.rs:36:12
   |
34 | impl<T> MemoryBlock<T> {
   | ---------------------- methods in this implementation
35 |     #[inline]
36 |     pub fn as_ptr(&self) -> *const T {
   |            ^^^^^^
...
52 |     pub fn len(&self) -> usize {
   |            ^^^
...
60 |     pub fn as_slice(&self) -> &[T] {
   |            ^^^^^^^^

warning: fields `sequence_length` and `decode_only_flag` are never read
  --> src\operators\attention\attention.rs:19:16
   |
14 | pub struct Attention<T> {
   |            --------- fields in this struct
...
19 |     pub(super) sequence_length: usize,
   |                ^^^^^^^^^^^^^^^
...
34 |     pub(super) decode_only_flag: bool,
   |                ^^^^^^^^^^^^^^^^
   |
   = note: `Attention` has a derived impl for the trait `Clone`, but this is intentionally ignored during dead code analysis

warning: field `decode_only_flag` is never read
  --> src\operators\elementwise\add_zip.rs:21:5
   |
13 | pub struct AddZipMap<T> {
   |            --------- field in this struct
...
21 |     decode_only_flag: bool,
   |     ^^^^^^^^^^^^^^^^
   |
   = note: `AddZipMap` has a derived impl for the trait `Clone`, but this is intentionally ignored during dead code analysis

warning: field `output_to_kv` is never read
  --> src\operators\elementwise\complex_zip.rs:23:5
   |
14 | pub struct ComplexZipMap<T> {
   |            ------------- field in this struct
...
23 |     output_to_kv: bool,
   |     ^^^^^^^^^^^^
   |
   = note: `ComplexZipMap` has a derived impl for the trait `Clone`, but this is intentionally ignored during dead code analysis

warning: field `decode_only_flag` is never read
  --> src\operators\elementwise\silu_mul_zip.rs:20:5
   |
12 | pub struct SiluMulZipMap<T> {
   |            ------------- field in this struct
...
20 |     decode_only_flag: bool,
   |     ^^^^^^^^^^^^^^^^
   |
   = note: `SiluMulZipMap` has a derived impl for the trait `Clone`, but this is intentionally ignored during dead code analysis

warning: field `decode_only_flag` is never read
  --> src\operators\expert\expert_topk_norm.rs:19:5
   |
13 | pub struct ExpertTopkNorm<T> {
   |            -------------- field in this struct
...
19 |     decode_only_flag: bool,
   |     ^^^^^^^^^^^^^^^^
   |
   = note: `ExpertTopkNorm` has a derived impl for the trait `Clone`, but this is intentionally ignored during dead code analysis

warning: field `packed_panel_stride` is never read
   --> src\operators\matmul\matmul3.rs:114:5
    |
 80 | pub struct MatMul3<T> {
    |            ------- field in this struct
...
114 |     packed_panel_stride: usize,
    |     ^^^^^^^^^^^^^^^^^^^
    |
    = note: `MatMul3` has a derived impl for the trait `Clone`, but this is intentionally ignored during dead code analysis

warning: associated items `packed_panel_ptr`, `gemm_one_path_tiles`, and `task_assign_path` are never used
   --> src\operators\matmul\matmul3.rs:259:8
    |
117 | / impl<T> MatMul3<T>
118 | | where
119 | |     T: Copy + Add<Output = T> + Mul<Output = T> + Sub<Output = T> + Default + Sqrt + FromNumber,
    | |________________________________________________________________________________________________- associated items in this implementation
...
259 |       fn packed_panel_ptr(
    |          ^^^^^^^^^^^^^^^^
...
281 |       unsafe fn gemm_one_path_tiles(
    |                 ^^^^^^^^^^^^^^^^^^^
...
394 |       fn task_assign_path(
    |          ^^^^^^^^^^^^^^^^

warning: field `decode_only_flag` is never read
  --> src\operators\matmul\matmul_sigmoid.rs:41:5
   |
24 | pub struct MatMulSigmoid<T> {
   |            ------------- field in this struct
...
41 |     decode_only_flag: bool,
   |     ^^^^^^^^^^^^^^^^
   |
   = note: `MatMulSigmoid` has a derived impl for the trait `Clone`, but this is intentionally ignored during dead code analysis

warning: field `ptr2` is never read
  --> src\operators\matmul\matmul_topk.rs:37:5
   |
33 | pub struct MatMulTopK<T> {
   |            ---------- field in this struct
...
37 |     ptr2: ConstPtr<T>,         // B_nt[output_cols, reduction_cols]
   |     ^^^^
   |
   = note: `MatMulTopK` has a derived impl for the trait `Clone`, but this is intentionally ignored during dead code analysis

warning: field `decode_only_flag` is never read
  --> src\operators\normalization\rms_map.rs:16:5
   |
10 | pub struct RMSMap<T> {
   |            ------ field in this struct
...
16 |     decode_only_flag: bool,
   |     ^^^^^^^^^^^^^^^^
   |
   = note: `RMSMap` has a derived impl for the trait `Clone`, but this is intentionally ignored during dead code analysis

warning: field `decode_only_flag` is never read
  --> src\operators\softmax\softmax_norm.rs:22:5
   |
15 | pub struct ExpertsSoftmaxNorm<T> {
   |            ------------------ field in this struct
...
22 |     decode_only_flag: bool,
   |     ^^^^^^^^^^^^^^^^
   |
   = note: `ExpertsSoftmaxNorm` has a derived impl for the trait `Clone`, but this is intentionally ignored during dead code analysis

warning: field `total_threads` is never read
  --> src\serving\model.rs:86:9
   |
83 | pub struct ThreadingConfig {
   |            --------------- field in this struct
...
86 |     pub total_threads: usize,
   |         ^^^^^^^^^^^^^
   |
   = note: `ThreadingConfig` has derived impls for the traits `Clone` and `Debug`, but these are intentionally ignored during dead code analysis

warning: field `chunk_size` is never read
  --> src\transformer\attention.rs:17:5
   |
13 | pub struct Attention<T>
   |            --------- field in this struct
...
17 |     chunk_size: usize,
   |     ^^^^^^^^^^

warning: field `batch_size` is never read
  --> src\transformer\decoder_layer.rs:39:5
   |
33 | pub struct DecoderLayer<T>
   |            ------------ field in this struct
...
39 |     batch_size: usize,
   |     ^^^^^^^^^^

warning: field `num_experts` is never read
  --> src\transformer\sparse_moe\layer.rs:79:5
   |
75 | pub struct SparseMoe<T>
   |            --------- field in this struct
...
79 |     num_experts: usize,
   |     ^^^^^^^^^^^
   |
   = note: `SparseMoe` has a derived impl for the trait `Clone`, but this is intentionally ignored during dead code analysis

warning: variable `K` should have a snake case name
  --> src\kernel\x86_64\f16_512\flash_attention.rs:33:5
   |
33 |     K: *const f16,
   |     ^ help: convert the identifier to snake case (notice the capitalization): `k`
   |
   = note: `#[warn(non_snake_case)]` (part of `#[warn(nonstandard_style)]`) on by default

warning: variable `V` should have a snake case name
  --> src\kernel\x86_64\f16_512\flash_attention.rs:34:5
   |
34 |     V: *const f16,
   |     ^ help: convert the identifier to snake case (notice the capitalization): `v`

warning: `eLLM` (lib) generated 65 warnings (run `cargo fix --lib -p eLLM` to apply 43 suggestions)
warning: variable does not need to be mutable
   --> src\bin\qwen3_coder_30b_a3b.rs:264:9
    |
264 |     let mut batch_scheduler = Scheduler::new(
    |         ----^^^^^^^^^^^^^^^
    |         |
    |         help: remove this `mut`
    |
    = note: `#[warn(unused_mut)]` (part of `#[warn(unused)]`) on by default

warning: variable does not need to be mutable
   --> src\bin\qwen3_06b.rs:191:9
    |
191 |     let mut batch_scheduler = Scheduler::new(
    |         ----^^^^^^^^^^^^^^^
    |         |
    |         help: remove this `mut`
    |
    = note: `#[warn(unused_mut)]` (part of `#[warn(unused)]`) on by default

warning: unused import: `serde_json::json`
 --> alignment\tokenizer\qwen3_tokenizer_alignment.rs:3:5
  |
3 | use serde_json::json;
  |     ^^^^^^^^^^^^^^^^
  |
  = note: `#[warn(unused_imports)]` (part of `#[warn(unused)]`) on by default

warning: `eLLM` (bin "qwen3_coder_30b_a3b") generated 1 warning (run `cargo fix --bin "qwen3_coder_30b_a3b" -p eLLM` to apply 1 suggestion)
warning: `eLLM` (bin "qwen3_06b") generated 1 warning (run `cargo fix --bin "qwen3_06b" -p eLLM` to apply 1 suggestion)
warning: `eLLM` (bin "qwen3_tokenizer_alignment") generated 1 warning (run `cargo fix --bin "qwen3_tokenizer_alignment" -p eLLM` to apply 1 suggestion)
warning: unused import: `std::f16`
 --> alignment\tokenizer\qwen3_one_token_alignment.rs:5:5
  |
5 | use std::f16;
  |     ^^^^^^^^
  |
  = note: `#[warn(unused_imports)]` (part of `#[warn(unused)]`) on by default

warning: unused import: `std::sync::Arc`
 --> alignment\tokenizer\qwen3_one_token_alignment.rs:6:5
  |
6 | use std::sync::Arc;
  |     ^^^^^^^^^^^^^^

warning: unused import: `std::time::Instant`
 --> alignment\tokenizer\qwen3_one_token_alignment.rs:7:5
  |
7 | use std::time::Instant;
  |     ^^^^^^^^^^^^^^^^^^

warning: unused import: `ellm::mem_mgr::allocator::AlignedBox`
 --> alignment\tokenizer\multi_batch_test.rs:4:5
  |
4 | use ellm::mem_mgr::allocator::AlignedBox;
  |     ^^^^^^^^^^^^^^^^^^^^^^^^^^^^^^^^^^^^
  |
  = note: `#[warn(unused_imports)]` (part of `#[warn(unused)]`) on by default

warning: unused import: `ellm::mem_mgr::mem_pool::GlobalMemPool`
 --> alignment\tokenizer\multi_batch_test.rs:5:5
  |
5 | use ellm::mem_mgr::mem_pool::GlobalMemPool;
  |     ^^^^^^^^^^^^^^^^^^^^^^^^^^^^^^^^^^^^^^

warning: unused import: `ellm::operators::operator::Operator`
 --> alignment\tokenizer\multi_batch_test.rs:6:5
  |
6 | use ellm::operators::operator::Operator;
  |     ^^^^^^^^^^^^^^^^^^^^^^^^^^^^^^^^^^^

warning: unused import: `ellm::runtime::io::SafeTensorsLoader`
 --> alignment\tokenizer\multi_batch_test.rs:9:5
  |
9 | use ellm::runtime::io::SafeTensorsLoader;
  |     ^^^^^^^^^^^^^^^^^^^^^^^^^^^^^^^^^^^^

warning: unused import: `ellm::runtime::state::sequence::SequenceSlice`
  --> alignment\tokenizer\multi_batch_test.rs:10:5
   |
10 | use ellm::runtime::state::sequence::SequenceSlice;
   |     ^^^^^^^^^^^^^^^^^^^^^^^^^^^^^^^^^^^^^^^^^^^^^

warning: unused imports: `Config`, `GenerationConfig`, `Phase`, and `SequenceState`
  --> alignment\tokenizer\multi_batch_test.rs:11:21
   |
11 | use ellm::runtime::{Config, GenerationConfig, Phase, SequenceState};
   |                     ^^^^^^  ^^^^^^^^^^^^^^^^  ^^^^^  ^^^^^^^^^^^^^

warning: unused import: `ellm::tensor::GlobalOperatorQueue`
  --> alignment\tokenizer\multi_batch_test.rs:12:5
   |
12 | use ellm::tensor::GlobalOperatorQueue;
   |     ^^^^^^^^^^^^^^^^^^^^^^^^^^^^^^^^^

warning: unused import: `ellm::transformer::model::Model`
  --> alignment\tokenizer\multi_batch_test.rs:13:5
   |
13 | use ellm::transformer::model::Model;
   |     ^^^^^^^^^^^^^^^^^^^^^^^^^^^^^^^

warning: unused import: `ellm::transformer::rope::RotaryEmbedding`
  --> alignment\tokenizer\multi_batch_test.rs:14:5
   |
14 | use ellm::transformer::rope::RotaryEmbedding;
   |     ^^^^^^^^^^^^^^^^^^^^^^^^^^^^^^^^^^^^^^^^

warning: unused import: `std::cell::SyncUnsafeCell`
  --> alignment\tokenizer\multi_batch_test.rs:15:5
   |
15 | use std::cell::SyncUnsafeCell;
   |     ^^^^^^^^^^^^^^^^^^^^^^^^^

warning: unused import: `std::f16`
  --> alignment\tokenizer\multi_batch_test.rs:16:5
   |
16 | use std::f16;
   |     ^^^^^^^^

warning: unused imports: `Arc` and `Barrier`
  --> alignment\tokenizer\multi_batch_test.rs:17:17
   |
17 | use std::sync::{Arc, Barrier};
   |                 ^^^  ^^^^^^^

warning: unused import: `std::time::Duration`
  --> src\bin\fake_server.rs:14:5
   |
14 | use std::time::Duration;
   |     ^^^^^^^^^^^^^^^^^^^
   |
   = note: `#[warn(unused_imports)]` (part of `#[warn(unused)]`) on by default

warning: unused variable: `slot_manager`
  --> src\bin\fake_server.rs:59:9
   |
59 |     let slot_manager = Arc::new(SlotManager::new(
   |         ^^^^^^^^^^^^ help: if this is intentional, prefix it with an underscore: `_slot_manager`
   |
   = note: `#[warn(unused_variables)]` (part of `#[warn(unused)]`) on by default

warning: variable does not need to be mutable
   --> src\bin\backend.rs:184:9
    |
184 |     let mut batch_scheduler = Scheduler::with_mode(
    |         ----^^^^^^^^^^^^^^^
    |         |
    |         help: remove this `mut`
    |
    = note: `#[warn(unused_mut)]` (part of `#[warn(unused)]`) on by default

warning: variable `generated_count` is assigned to, but never used
   --> src\bin\backend.rs:211:9
    |
211 |     let mut generated_count = 0usize;
    |         ^^^^^^^^^^^^^^^^^^^
    |
    = note: consider using `_generated_count` instead
    = note: `#[warn(unused_variables)]` (part of `#[warn(unused)]`) on by default

warning: value assigned to `generated_count` is never read
   --> src\bin\backend.rs:213:9
    |
213 |         generated_count += 1;
    |         ^^^^^^^^^^^^^^^^^^^^
    |
    = help: maybe it is overwritten before being read?
    = note: `#[warn(unused_assignments)]` (part of `#[warn(unused)]`) on by default

warning: `eLLM` (bin "qwen3_one_token_alignment") generated 3 warnings (run `cargo fix --bin "qwen3_one_token_alignment" -p eLLM` to apply 3 suggestions)
warning: `eLLM` (bin "multi_batch_test") generated 12 warnings (run `cargo fix --bin "multi_batch_test" -p eLLM` to apply 12 suggestions)
warning: `eLLM` (bin "fake_server") generated 2 warnings (run `cargo fix --bin "fake_server" -p eLLM` to apply 2 suggestions)
warning: `eLLM` (bin "backend") generated 3 warnings (run `cargo fix --bin "backend" -p eLLM` to apply 1 suggestion)
   Compiling eLLM v0.1.0 (D:\eLLM)
warning: unused import: `ellm::mem_mgr::allocator::AlignedBox`
 --> tests\qwen3_06b_integration_test.rs:3:5
  |
3 | use ellm::mem_mgr::allocator::AlignedBox;
  |     ^^^^^^^^^^^^^^^^^^^^^^^^^^^^^^^^^^^^
  |
  = note: `#[warn(unused_imports)]` (part of `#[warn(unused)]`) on by default

warning: `eLLM` (bin "qwen3_06b" test) generated 1 warning (1 duplicate)
warning: `eLLM` (bin "fake_server" test) generated 2 warnings (2 duplicates)
warning: `eLLM` (bin "qwen3_tokenizer_alignment" test) generated 1 warning (1 duplicate)
warning: `eLLM` (bin "backend" test) generated 3 warnings (3 duplicates)
warning: `eLLM` (test "qwen3_06b_integration_test") generated 1 warning (run `cargo fix --test "qwen3_06b_integration_test" -p eLLM` to apply 1 suggestion)
warning: `eLLM` (bin "qwen3_coder_30b_a3b" test) generated 1 warning (1 duplicate)
warning: `eLLM` (bin "multi_batch_test" test) generated 12 warnings (12 duplicates)
warning: `eLLM` (bin "qwen3_one_token_alignment" test) generated 3 warnings (3 duplicates)
warning: unused import: `EngineConfig`
 --> src\config\command_line_interface.rs:2:47
  |
2 |     ChatConfig, Command, Config, ConvertType, EngineConfig, ModelDtype, RunnerType,
  |                                               ^^^^^^^^^^^^
  |
  = note: `#[warn(unused_imports)]` (part of `#[warn(unused)]`) on by default

warning: unused import: `__m512i`
 --> src\kernel\x86_64\f16_512\activation.rs:2:14
  |
2 |     __m512h, __m512i, _mm512_abs_ph, _mm512_add_epi16, _mm512_add_ph, _mm512_and_si512,
  |              ^^^^^^^

warning: unnecessary parentheses around closure body
   --> src\kernel\x86_64\f16_512\activation.rs:130:56
    |
130 |         let input_vals: Vec<f16> = (0..length).map(|i| ((i as f16 - 16.0) * 0.5)).collect();
    |                                                        ^                       ^
    |
    = note: `#[warn(unused_parens)]` (part of `#[warn(unused)]`) on by default
help: remove these parentheses
    |
130 -         let input_vals: Vec<f16> = (0..length).map(|i| ((i as f16 - 16.0) * 0.5)).collect();
130 +         let input_vals: Vec<f16> = (0..length).map(|i| (i as f16 - 16.0) * 0.5 ).collect();
    |

warning: unnecessary parentheses around closure body
   --> src\kernel\x86_64\f16_512\activation.rs:170:56
    |
170 |         let input_vals: Vec<f16> = (0..length).map(|i| ((i as f16 - 16.0) * 0.5)).collect();
    |                                                        ^                       ^
    |
help: remove these parentheses
    |
170 -         let input_vals: Vec<f16> = (0..length).map(|i| ((i as f16 - 16.0) * 0.5)).collect();
170 +         let input_vals: Vec<f16> = (0..length).map(|i| (i as f16 - 16.0) * 0.5 ).collect();
    |

warning: unnecessary parentheses around closure body
   --> src\kernel\x86_64\f16_512\activation.rs:205:56
    |
205 |         let input_vals: Vec<f16> = (0..length).map(|i| ((i as f16 - 16.0) * 0.5)).collect();
    |                                                        ^                       ^
    |
help: remove these parentheses
    |
205 -         let input_vals: Vec<f16> = (0..length).map(|i| ((i as f16 - 16.0) * 0.5)).collect();
205 +         let input_vals: Vec<f16> = (0..length).map(|i| (i as f16 - 16.0) * 0.5 ).collect();
    |

warning: unused import: `approx::assert_ulps_eq`
  --> src\kernel\x86_64\f16_512\add.rs:21:9
   |
21 |     use approx::assert_ulps_eq;
   |         ^^^^^^^^^^^^^^^^^^^^^^

warning: unused import: `assert_ulps_eq`
   --> src\kernel\x86_64\f16_512\experts_topk_softmax_norm.rs:195:38
    |
195 |     use approx::{assert_relative_eq, assert_ulps_eq};
    |                                      ^^^^^^^^^^^^^^

warning: unnecessary parentheses around closure body
   --> src\kernel\x86_64\f16_512\experts_topk_softmax_norm.rs:251:55
    |
251 |         let data_f32: Vec<f32> = data.iter().map(|&x| (x as f32)).collect();
    |                                                       ^        ^
    |
help: remove these parentheses
    |
251 -         let data_f32: Vec<f32> = data.iter().map(|&x| (x as f32)).collect();
251 +         let data_f32: Vec<f32> = data.iter().map(|&x| x as f32 ).collect();
    |

warning: unnecessary parentheses around closure body
   --> src\kernel\x86_64\f16_512\experts_topk_softmax_norm.rs:270:60
    |
270 |         let data_f32: Vec<f32> = topk_vals.iter().map(|&x| (x as f32)).collect();
    |                                                            ^        ^
    |
help: remove these parentheses
    |
270 -         let data_f32: Vec<f32> = topk_vals.iter().map(|&x| (x as f32)).collect();
270 +         let data_f32: Vec<f32> = topk_vals.iter().map(|&x| x as f32 ).collect();
    |

warning: unused import: `_mm512_reduce_add_ph`
 --> src\kernel\x86_64\f16_512\flash_attention.rs:4:79
  |
4 |     __m512h, _mm512_fmadd_ph, _mm512_load_ph, _mm512_loadu_ph, _mm512_mul_ph, _mm512_reduce_add_ph,
  |                                                                               ^^^^^^^^^^^^^^^^^^^^

warning: unused import: `_mm512_setzero_ph`
 --> src\kernel\x86_64\f16_512\fused_gate_up_silu_mul_block.rs:4:70
  |
4 |     _mm512_fmadd_ph, _mm512_loadu_ph, _mm512_mul_ph, _mm512_set1_ph, _mm512_setzero_ph,
  |                                                                      ^^^^^^^^^^^^^^^^^

warning: unused import: `std::slice`
   --> src\kernel\x86_64\f16_512\matmul_rms_complex.rs:103:9
    |
103 |     use std::slice;
    |         ^^^^^^^^^^

warning: unused import: `std::mem`
  --> src\kernel\x86_64\f16_512\moe_down.rs:41:9
   |
41 |     use std::mem;
   |         ^^^^^^^^

warning: unused import: `std::mem`
  --> src\kernel\x86_64\f16_512\moe_merge.rs:37:9
   |
37 |     use std::mem;
   |         ^^^^^^^^

warning: unused import: `std::slice`
   --> src\kernel\x86_64\f16_512\rms_norm.rs:166:9
    |
166 |     use std::slice;
    |         ^^^^^^^^^^

warning: unused import: `approx::assert_ulps_eq`
  --> src\kernel\x86_64\f16_512\silu.rs:42:9
   |
42 |     use approx::assert_ulps_eq;
   |         ^^^^^^^^^^^^^^^^^^^^^^

warning: unused import: `std::slice`
  --> src\kernel\x86_64\f16_512\silu.rs:44:9
   |
44 |     use std::slice;
   |         ^^^^^^^^^^

warning: unused import: `std::arch::x86_64::*`
   --> src\kernel\x86_64\f32_256\bitonic_sort.rs:123:9
    |
123 |     use std::arch::x86_64::*;
    |         ^^^^^^^^^^^^^^^^^^^^

warning: unused import: `approx::assert_ulps_eq`
   --> src\operators\elementwise\complex_zip.rs:186:9
    |
186 |     use approx::assert_ulps_eq;
    |         ^^^^^^^^^^^^^^^^^^^^^^

warning: unnecessary parentheses around assigned value
    --> src\operators\expert\expert_matmul_mul.rs:1196:41
     |
1196 |             indice[1 * num_token + b] = (b % 2 == 0); // expert1 鍛戒腑鍋舵暟 token
     |                                         ^          ^
     |
help: remove these parentheses
     |
1196 -             indice[1 * num_token + b] = (b % 2 == 0); // expert1 鍛戒腑鍋舵暟 token
1196 +             indice[1 * num_token + b] = b % 2 == 0; // expert1 鍛戒腑鍋舵暟 token
     |

warning: unused import: `approx::assert_abs_diff_eq`
   --> src\operators\expert\expert_matmul_silu_mul_matmul.rs:834:9
    |
834 |     use approx::assert_abs_diff_eq;
    |         ^^^^^^^^^^^^^^^^^^^^^^^^^^

warning: unused import: `rand::prelude::*`
   --> src\operators\expert\expert_matmul_silu_mul_matmul.rs:835:9
    |
835 |     use rand::prelude::*;
    |         ^^^^^^^^^^^^^^^^

warning: unused import: `std::collections::HashSet`
   --> src\operators\expert\expert_matmul_silu_mul_matmul.rs:836:9
    |
836 |     use std::collections::HashSet;
    |         ^^^^^^^^^^^^^^^^^^^^^^^^^

warning: unused import: `approx::assert_abs_diff_eq`
   --> src\operators\matmul\matmul3.rs:962:9
    |
962 |     use approx::assert_abs_diff_eq;
    |         ^^^^^^^^^^^^^^^^^^^^^^^^^^

warning: unnecessary parentheses around assigned value
  --> src\operators\softmax\softmax_norm.rs:34:22
   |
34 |         let length = (batch_size * num_topk);
   |                      ^                     ^
   |
help: remove these parentheses
   |
34 -         let length = (batch_size * num_topk);
34 +         let length = batch_size * num_topk ;
   |

warning: unnecessary parentheses around function argument
   --> src\operators\softmax\softmax_norm.rs:325:59
    |
325 |         let mut input_vals: Vec<f32> = Vec::with_capacity((num_tokens * num_experts));
    |                                                           ^                        ^
    |
help: remove these parentheses
    |
325 -         let mut input_vals: Vec<f32> = Vec::with_capacity((num_tokens * num_experts));
325 +         let mut input_vals: Vec<f32> = Vec::with_capacity(num_tokens * num_experts );
    |

warning: unnecessary parentheses around index expression
   --> src\operators\softmax\softmax_norm.rs:335:24
    |
335 |             input_vals[(base + (t % num_experts))] = 30.0;
    |                        ^                        ^
    |
help: remove these parentheses
    |
335 -             input_vals[(base + (t % num_experts))] = 30.0;
335 +             input_vals[base + (t % num_experts) ] = 30.0;
    |

warning: unnecessary parentheses around index expression
   --> src\operators\softmax\softmax_norm.rs:337:24
    |
337 |             input_vals[(base + ((t + 1) % num_experts))] = 25.0;
    |                        ^                              ^
    |
help: remove these parentheses
    |
337 -             input_vals[(base + ((t + 1) % num_experts))] = 25.0;
337 +             input_vals[base + ((t + 1) % num_experts) ] = 25.0;
    |

warning: unnecessary parentheses around closure body
   --> src\operators\softmax\softmax_norm.rs:340:63
    |
340 |         let input_data: Vec<f16> = input_vals.iter().map(|&x| (x as f16)).collect();
    |                                                               ^        ^
    |
help: remove these parentheses
    |
340 -         let input_data: Vec<f16> = input_vals.iter().map(|&x| (x as f16)).collect();
340 +         let input_data: Vec<f16> = input_vals.iter().map(|&x| x as f16 ).collect();
    |

warning: unnecessary parentheses around assigned value
   --> src\operators\softmax\softmax_norm.rs:360:25
    |
360 |             let start = (t * num_experts);
    |                         ^               ^
    |
help: remove these parentheses
    |
360 -             let start = (t * num_experts);
360 +             let start = t * num_experts ;
    |

warning: unnecessary parentheses around assigned value
   --> src\operators\softmax\softmax_norm.rs:384:32
    |
384 |                 let prob_f16 = (prob as f16);
    |                                ^           ^
    |
help: remove these parentheses
    |
384 -                 let prob_f16 = (prob as f16);
384 +                 let prob_f16 = prob as f16 ;
    |

warning: unused import: `crate::operators::send_sync_ptr::SharedMut`
  --> src\runtime\mod.rs:30:13
   |
30 |         use crate::operators::send_sync_ptr::SharedMut;
   |             ^^^^^^^^^^^^^^^^^^^^^^^^^^^^^^^^^^^^^^^^^^

warning: unused import: `std::mem`
  --> src\tensor\tests\mod.rs:14:16
   |
14 | pub(super) use std::mem;
   |                ^^^^^^^^

warning: unused import: `crate::operators::expert::expert_routing::routing_from_dense`
 --> src\tensor\tests\common.rs:3:5
  |
3 | use crate::operators::expert::expert_routing::routing_from_dense;
  |     ^^^^^^^^^^^^^^^^^^^^^^^^^^^^^^^^^^^^^^^^^^^^^^^^^^^^^^^^^^^^

warning: unused imports: `assert_abs_diff_eq` and `assert_ulps_eq`
 --> src\tensor\tests\common.rs:5:14
  |
5 | use approx::{assert_abs_diff_eq, assert_ulps_eq};
  |              ^^^^^^^^^^^^^^^^^^  ^^^^^^^^^^^^^^

warning: unused import: `super::common::*`
 --> src\tensor\tests\performance.rs:1:5
  |
1 | use super::common::*;
  |     ^^^^^^^^^^^^^^^^

warning: unused import: `super::common::*`
 --> src\tensor\tests\topk_softmax.rs:1:5
  |
1 | use super::common::*;
  |     ^^^^^^^^^^^^^^^^

error[E0308]: mismatched types
   --> src\operators\operator.rs:403:13
    |
403 |         let (prefill_size, decode_size) = scheduler.schedule_batch();
    |             ^^^^^^^^^^^^^^^^^^^^^^^^^^^   -------------------------- this expression has type `std::option::Option<BatchPlan>`
    |             |
    |             expected `Option<BatchPlan>`, found `(_, _)`
    |
    = note: expected enum `std::option::Option<BatchPlan>`
              found tuple `(_, _)`

error[E0599]: no method named `decode_list` found for struct `core::Scheduler` in the current scope
   --> src\operators\operator.rs:406:30
    |
406 |         assert_eq!(scheduler.decode_list()[0].token_start_index, 0);
    |                              ^^^^^^^^^^^ method not found in `core::Scheduler`
    |
   ::: src\runtime\scheduler\core.rs:14:1
    |
 14 | pub struct Scheduler {
    | -------------------- method `decode_list` not found for this struct

error[E0599]: no method named `decode_list` found for struct `core::Scheduler` in the current scope
   --> src\operators\operator.rs:407:30
    |
407 |         assert_eq!(scheduler.decode_list()[0].length, 3);
    |                              ^^^^^^^^^^^ method not found in `core::Scheduler`
    |
   ::: src\runtime\scheduler\core.rs:14:1
    |
 14 | pub struct Scheduler {
    | -------------------- method `decode_list` not found for this struct

error[E0599]: no method named `decode_list` found for struct `core::Scheduler` in the current scope
   --> src\operators\operator.rs:408:30
    |
408 |         assert_eq!(scheduler.decode_list()[1].token_start_index, 3);
    |                              ^^^^^^^^^^^ method not found in `core::Scheduler`
    |
   ::: src\runtime\scheduler\core.rs:14:1
    |
 14 | pub struct Scheduler {
    | -------------------- method `decode_list` not found for this struct

error[E0599]: no method named `decode_list` found for struct `core::Scheduler` in the current scope
   --> src\operators\operator.rs:409:30
    |
409 |         assert_eq!(scheduler.decode_list()[1].length, 4);
    |                              ^^^^^^^^^^^ method not found in `core::Scheduler`
    |
   ::: src\runtime\scheduler\core.rs:14:1
    |
 14 | pub struct Scheduler {
    | -------------------- method `decode_list` not found for this struct

error[E0599]: no method named `prefill_list` found for struct `core::Scheduler` in the current scope
   --> src\operators\operator.rs:411:38
    |
411 |         let prefill_list = scheduler.prefill_list().clone();
    |                                      ^^^^^^^^^^^^ method not found in `core::Scheduler`
    |
   ::: src\runtime\scheduler\core.rs:14:1
    |
 14 | pub struct Scheduler {
    | -------------------- method `prefill_list` not found for this struct

error[E0599]: no method named `decode_list` found for struct `core::Scheduler` in the current scope
   --> src\operators\operator.rs:412:37
    |
412 |         let decode_list = scheduler.decode_list().clone();
    |                                     ^^^^^^^^^^^ method not found in `core::Scheduler`
    |
   ::: src\runtime\scheduler\core.rs:14:1
    |
 14 | pub struct Scheduler {
    | -------------------- method `decode_list` not found for this struct

error[E0308]: mismatched types
   --> src\operators\operator.rs:668:17
    |
668 |             let (prefill_size, decode_size) = scheduler.schedule_batch();
    |                 ^^^^^^^^^^^^^^^^^^^^^^^^^^^   -------------------------- this expression has type `std::option::Option<BatchPlan>`
    |                 |
    |                 expected `Option<BatchPlan>`, found `(_, _)`
    |
    = note: expected enum `std::option::Option<BatchPlan>`
              found tuple `(_, _)`

error[E0599]: no method named `prefill_list` found for struct `core::Scheduler` in the current scope
   --> src\operators\operator.rs:669:42
    |
669 |             let prefill_list = scheduler.prefill_list().clone();
    |                                          ^^^^^^^^^^^^ method not found in `core::Scheduler`
    |
   ::: src\runtime\scheduler\core.rs:14:1
    |
 14 | pub struct Scheduler {
    | -------------------- method `prefill_list` not found for this struct

error[E0599]: no method named `decode_list` found for struct `core::Scheduler` in the current scope
   --> src\operators\operator.rs:670:41
    |
670 |             let decode_list = scheduler.decode_list().clone();
    |                                         ^^^^^^^^^^^ method not found in `core::Scheduler`
    |
   ::: src\runtime\scheduler\core.rs:14:1
    |
 14 | pub struct Scheduler {
    | -------------------- method `decode_list` not found for this struct

error[E0308]: mismatched types
   --> src\operators\operator.rs:815:13
    |
815 |         let (prefill_size, decode_size) = scheduler.schedule_batch();
    |             ^^^^^^^^^^^^^^^^^^^^^^^^^^^   -------------------------- this expression has type `std::option::Option<BatchPlan>`
    |             |
    |             expected `Option<BatchPlan>`, found `(_, _)`
    |
    = note: expected enum `std::option::Option<BatchPlan>`
              found tuple `(_, _)`

error[E0599]: no method named `prefill_list` found for struct `core::Scheduler` in the current scope
   --> src\operators\operator.rs:818:27
    |
818 |         assert!(scheduler.prefill_list().iter().all(Vec::is_empty));
    |                           ^^^^^^^^^^^^ method not found in `core::Scheduler`
    |
   ::: src\runtime\scheduler\core.rs:14:1
    |
 14 | pub struct Scheduler {
    | -------------------- method `prefill_list` not found for this struct

error[E0599]: no method named `decode_list` found for struct `core::Scheduler` in the current scope
   --> src\operators\operator.rs:819:30
    |
819 |         assert_eq!(scheduler.decode_list()[0].sequence_index, 3);
    |                              ^^^^^^^^^^^ method not found in `core::Scheduler`
    |
   ::: src\runtime\scheduler\core.rs:14:1
    |
 14 | pub struct Scheduler {
    | -------------------- method `decode_list` not found for this struct

error[E0599]: no method named `decode_list` found for struct `core::Scheduler` in the current scope
   --> src\operators\operator.rs:820:30
    |
820 |         assert_eq!(scheduler.decode_list()[0].token_start_index, 0);
    |                              ^^^^^^^^^^^ method not found in `core::Scheduler`
    |
   ::: src\runtime\scheduler\core.rs:14:1
    |
 14 | pub struct Scheduler {
    | -------------------- method `decode_list` not found for this struct

error[E0599]: no method named `decode_list` found for struct `core::Scheduler` in the current scope
   --> src\operators\operator.rs:821:30
    |
821 |         assert_eq!(scheduler.decode_list()[1].sequence_index, 4);
    |                              ^^^^^^^^^^^ method not found in `core::Scheduler`
    |
   ::: src\runtime\scheduler\core.rs:14:1
    |
 14 | pub struct Scheduler {
    | -------------------- method `decode_list` not found for this struct

error[E0599]: no method named `decode_list` found for struct `core::Scheduler` in the current scope
   --> src\operators\operator.rs:822:30
    |
822 |         assert_eq!(scheduler.decode_list()[1].token_start_index, 1);
    |                              ^^^^^^^^^^^ method not found in `core::Scheduler`
    |
   ::: src\runtime\scheduler\core.rs:14:1
    |
 14 | pub struct Scheduler {
    | -------------------- method `decode_list` not found for this struct

error[E0599]: no method named `prefill_list` found for struct `core::Scheduler` in the current scope
   --> src\operators\operator.rs:824:38
    |
824 |         let prefill_list = scheduler.prefill_list().clone();
    |                                      ^^^^^^^^^^^^ method not found in `core::Scheduler`
    |
   ::: src\runtime\scheduler\core.rs:14:1
    |
 14 | pub struct Scheduler {
    | -------------------- method `prefill_list` not found for this struct

error[E0599]: no method named `decode_list` found for struct `core::Scheduler` in the current scope
   --> src\operators\operator.rs:825:37
    |
825 |         let decode_list = scheduler.decode_list().clone();
    |                                     ^^^^^^^^^^^ method not found in `core::Scheduler`
    |
   ::: src\runtime\scheduler\core.rs:14:1
    |
 14 | pub struct Scheduler {
    | -------------------- method `decode_list` not found for this struct

error[E0308]: mismatched types
    --> src\operators\operator.rs:1084:13
     |
1084 |         let (prefill_size, decode_size) = scheduler.schedule_batch();
     |             ^^^^^^^^^^^^^^^^^^^^^^^^^^^   -------------------------- this expression has type `std::option::Option<BatchPlan>`
     |             |
     |             expected `Option<BatchPlan>`, found `(_, _)`
     |
     = note: expected enum `std::option::Option<BatchPlan>`
               found tuple `(_, _)`

error[E0599]: no method named `decode_list` found for struct `core::Scheduler` in the current scope
    --> src\operators\operator.rs:1087:30
     |
1087 |         assert_eq!(scheduler.decode_list()[0].sequence_index, 0);
     |                              ^^^^^^^^^^^ method not found in `core::Scheduler`
     |
    ::: src\runtime\scheduler\core.rs:14:1
     |
  14 | pub struct Scheduler {
     | -------------------- method `decode_list` not found for this struct

error[E0599]: no method named `decode_list` found for struct `core::Scheduler` in the current scope
    --> src\operators\operator.rs:1088:30
     |
1088 |         assert_eq!(scheduler.decode_list()[0].length, 3);
     |                              ^^^^^^^^^^^ method not found in `core::Scheduler`
     |
    ::: src\runtime\scheduler\core.rs:14:1
     |
  14 | pub struct Scheduler {
     | -------------------- method `decode_list` not found for this struct

error[E0599]: no method named `decode_list` found for struct `core::Scheduler` in the current scope
    --> src\operators\operator.rs:1089:27
     |
1089 |         assert!(scheduler.decode_list()[0].last_token_flag);
     |                           ^^^^^^^^^^^ method not found in `core::Scheduler`
     |
    ::: src\runtime\scheduler\core.rs:14:1
     |
  14 | pub struct Scheduler {
     | -------------------- method `decode_list` not found for this struct

error[E0599]: no method named `prefill_list` found for struct `core::Scheduler` in the current scope
    --> src\operators\operator.rs:1091:38
     |
1091 |         let prefill_list = scheduler.prefill_list().clone();
     |                                      ^^^^^^^^^^^^ method not found in `core::Scheduler`
     |
    ::: src\runtime\scheduler\core.rs:14:1
     |
  14 | pub struct Scheduler {
     | -------------------- method `prefill_list` not found for this struct

error[E0599]: no method named `decode_list` found for struct `core::Scheduler` in the current scope
    --> src\operators\operator.rs:1092:37
     |
1092 |         let decode_list = scheduler.decode_list().clone();
     |                                     ^^^^^^^^^^^ method not found in `core::Scheduler`
     |
    ::: src\runtime\scheduler\core.rs:14:1
     |
  14 | pub struct Scheduler {
     | -------------------- method `decode_list` not found for this struct

error[E0308]: mismatched types
    --> src\operators\operator.rs:1260:13
     |
1260 |         let (decode_prefill_size, decode_size) = scheduler.schedule_batch();
     |             ^^^^^^^^^^^^^^^^^^^^^^^^^^^^^^^^^^   -------------------------- this expression has type `std::option::Option<BatchPlan>`
     |             |
     |             expected `Option<BatchPlan>`, found `(_, _)`
     |
     = note: expected enum `std::option::Option<BatchPlan>`
               found tuple `(_, _)`

error[E0599]: no method named `prefill_list` found for struct `core::Scheduler` in the current scope
    --> src\operators\operator.rs:1263:27
     |
1263 |         assert!(scheduler.prefill_list().iter().all(Vec::is_empty));
     |                           ^^^^^^^^^^^^ method not found in `core::Scheduler`
     |
    ::: src\runtime\scheduler\core.rs:14:1
     |
  14 | pub struct Scheduler {
     | -------------------- method `prefill_list` not found for this struct

error[E0599]: no method named `decode_list` found for struct `core::Scheduler` in the current scope
    --> src\operators\operator.rs:1264:30
     |
1264 |         assert_eq!(scheduler.decode_list()[0].sequence_index, 3);
     |                              ^^^^^^^^^^^ method not found in `core::Scheduler`
     |
    ::: src\runtime\scheduler\core.rs:14:1
     |
  14 | pub struct Scheduler {
     | -------------------- method `decode_list` not found for this struct

error[E0599]: no method named `decode_list` found for struct `core::Scheduler` in the current scope
    --> src\operators\operator.rs:1265:30
     |
1265 |         assert_eq!(scheduler.decode_list()[0].length, 1);
     |                              ^^^^^^^^^^^ method not found in `core::Scheduler`
     |
    ::: src\runtime\scheduler\core.rs:14:1
     |
  14 | pub struct Scheduler {
     | -------------------- method `decode_list` not found for this struct

error[E0599]: no method named `prefill_list` found for struct `core::Scheduler` in the current scope
    --> src\operators\operator.rs:1267:38
     |
1267 |         let prefill_list = scheduler.prefill_list().clone();
     |                                      ^^^^^^^^^^^^ method not found in `core::Scheduler`
     |
    ::: src\runtime\scheduler\core.rs:14:1
     |
  14 | pub struct Scheduler {
     | -------------------- method `prefill_list` not found for this struct

error[E0599]: no method named `decode_list` found for struct `core::Scheduler` in the current scope
    --> src\operators\operator.rs:1268:37
     |
1268 |         let decode_list = scheduler.decode_list().clone();
     |                                     ^^^^^^^^^^^ method not found in `core::Scheduler`
     |
    ::: src\runtime\scheduler\core.rs:14:1
     |
  14 | pub struct Scheduler {
     | -------------------- method `decode_list` not found for this struct

warning: unnecessary `unsafe` block
  --> src\kernel\scalar\experts_topk_norm.rs:65:9
   |
65 |         unsafe {
   |         ^^^^^^ unnecessary `unsafe` block
   |
   = note: `#[warn(unused_unsafe)]` (part of `#[warn(unused)]`) on by default

warning: unnecessary `unsafe` block
  --> src\kernel\scalar\experts_topk_softmax_norm.rs:77:9
   |
77 |         unsafe {
   |         ^^^^^^ unnecessary `unsafe` block

warning: unnecessary `unsafe` block
   --> src\kernel\scalar\experts_topk_softmax_norm.rs:112:9
    |
112 |         unsafe {
    |         ^^^^^^ unnecessary `unsafe` block

warning: unnecessary `unsafe` block
   --> src\kernel\scalar\experts_topk_softmax_norm.rs:142:9
    |
142 |         unsafe {
    |         ^^^^^^ unnecessary `unsafe` block

warning: unnecessary `unsafe` block
  --> src\kernel\scalar\full_topk_softmax.rs:98:9
   |
98 |         unsafe {
   |         ^^^^^^ unnecessary `unsafe` block

warning: unused variable: `weight`
   --> src\kernel\scalar\rms_norm.rs:118:13
    |
118 |         let weight = [1.0f32; 18];
    |             ^^^^^^ help: if this is intentional, prefix it with an underscore: `_weight`
    |
    = note: `#[warn(unused_variables)]` (part of `#[warn(unused)]`) on by default

warning: unnecessary `unsafe` block
  --> src\kernel\scalar\truncated_topk_softmax.rs:87:9
   |
87 |         unsafe {
   |         ^^^^^^ unnecessary `unsafe` block

warning: variable does not need to be mutable
  --> src\kernel\scalar\truncated_topk_softmax.rs:85:13
   |
85 |         let mut out_token = 0usize;
   |             ----^^^^^^^^^
   |             |
   |             help: remove this `mut`

warning: variable does not need to be mutable
   --> src\kernel\x86_64\f16_512\activation.rs:131:13
    |
131 |         let mut v = AlignedBox::allocate_init(length, 0.0f16);
    |             ----^
    |             |
    |             help: remove this `mut`

warning: variable does not need to be mutable
   --> src\kernel\x86_64\f16_512\activation.rs:139:17
    |
139 |             let mut res = AlignedBox::allocate_init(length, 0.0f16);
    |                 ----^^^
    |                 |
    |                 help: remove this `mut`

warning: variable does not need to be mutable
   --> src\kernel\x86_64\f16_512\activation.rs:171:13
    |
171 |         let mut v = AlignedBox::allocate_init(length, 0.0f16);
    |             ----^
    |             |
    |             help: remove this `mut`

warning: variable does not need to be mutable
   --> src\kernel\x86_64\f16_512\activation.rs:178:17
    |
178 |             let mut res = AlignedBox::allocate_init(length, 0.0f16);
    |                 ----^^^
    |                 |
    |                 help: remove this `mut`

warning: variable does not need to be mutable
   --> src\kernel\x86_64\f16_512\activation.rs:206:13
    |
206 |         let mut v = AlignedBox::allocate_init(length, 0.0f16);
    |             ----^
    |             |
    |             help: remove this `mut`

warning: variable does not need to be mutable
   --> src\kernel\x86_64\f16_512\activation.rs:213:17
    |
213 |             let mut res = AlignedBox::allocate_init(length, 0.0f16);
    |                 ----^^^
    |                 |
    |                 help: remove this `mut`

warning: unnecessary `unsafe` block
   --> src\kernel\x86_64\f16_512\complex_mul.rs:104:13
    |
104 |             unsafe {
    |             ^^^^^^ unnecessary `unsafe` block

warning: variable does not need to be mutable
  --> src\kernel\x86_64\f16_512\complex_mul.rs:43:13
   |
43 |         let mut input1 = AlignedBox::allocate_init(length, 0.0f16);
   |             ----^^^^^^
   |             |
   |             help: remove this `mut`

warning: variable does not need to be mutable
  --> src\kernel\x86_64\f16_512\complex_mul.rs:50:13
   |
50 |         let mut input2 = AlignedBox::allocate_init(length, 0.0f16);
   |             ----^^^^^^
   |             |
   |             help: remove this `mut`

warning: variable does not need to be mutable
  --> src\kernel\x86_64\f16_512\complex_mul.rs:57:13
   |
57 |         let mut output = AlignedBox::allocate_init(length, 0.0f16);
   |             ----^^^^^^
   |             |
   |             help: remove this `mut`

warning: unused variable: `j`
   --> src\kernel\x86_64\f16_512\complex_mul.rs:103:13
    |
103 |         for j in 0..length {
    |             ^ help: if this is intentional, prefix it with an underscore: `_j`

warning: variable does not need to be mutable
  --> src\kernel\x86_64\f16_512\dot_product.rs:52:13
   |
52 |         let mut x1 = AlignedBox::allocate_init(length, 1.0f16);
   |             ----^^
   |             |
   |             help: remove this `mut`

warning: variable does not need to be mutable
  --> src\kernel\x86_64\f16_512\dot_product.rs:53:13
   |
53 |         let mut x2 = AlignedBox::allocate_init(length, 1.0f16);
   |             ----^^
   |             |
   |             help: remove this `mut`

warning: unnecessary `unsafe` block
   --> src\kernel\x86_64\f16_512\experts_topk_softmax_norm.rs:305:9
    |
305 |         unsafe {
    |         ^^^^^^ unnecessary `unsafe` block

warning: variable does not need to be mutable
   --> src\kernel\x86_64\f16_512\flash_attention.rs:238:17
    |
238 |             let mut res = AlignedBox::allocate_init(length, 0.0f16);
    |                 ----^^^
    |                 |
    |                 help: remove this `mut`

warning: variable does not need to be mutable
   --> src\kernel\x86_64\f16_512\flash_attention.rs:243:17
    |
243 |             let mut exp: Vec<f16> = vec![5.0; 32];
    |                 ----^^^
    |                 |
    |                 help: remove this `mut`

warning: variable does not need to be mutable
   --> src\kernel\x86_64\f16_512\flash_attention.rs:266:13
    |
266 |         let mut o = AlignedBox::allocate_init(length, 0.0f16);
    |             ----^
    |             |
    |             help: remove this `mut`

warning: unused variable: `u`
   --> src\kernel\x86_64\f16_512\fused_gate_up_silu_mul_block.rs:193:17
    |
193 |             let u = k_total as f32;
    |                 ^ help: if this is intentional, prefix it with an underscore: `_u`

warning: variable does not need to be mutable
   --> src\kernel\x86_64\f16_512\matmul_rms_complex.rs:153:13
    |
153 |         let mut a_box = AlignedBox::allocate_init(3 * LDA, 0.0 as f16);
    |             ----^^^^^
    |             |
    |             help: remove this `mut`

warning: variable does not need to be mutable
   --> src\kernel\x86_64\f16_512\matmul_rms_complex.rs:169:13
    |
169 |         let mut b_box = AlignedBox::allocate_init(KC * 32, 0.0 as f16);
    |             ----^^^^^
    |             |
    |             help: remove this `mut`

warning: variable does not need to be mutable
   --> src\kernel\x86_64\f16_512\matmul_rms_complex.rs:184:13
    |
184 |         let mut c_box = AlignedBox::allocate_init(3 * LDC, c_init);
    |             ----^^^^^
    |             |
    |             help: remove this `mut`

warning: variable does not need to be mutable
   --> src\kernel\x86_64\f16_512\matmul_rms_complex.rs:239:13
    |
239 |         let mut c_box = AlignedBox::allocate_init(3 * LDC, 0.0 as f16);
    |             ----^^^^^
    |             |
    |             help: remove this `mut`

warning: variable does not need to be mutable
   --> src\kernel\x86_64\f16_512\matmul_rms_complex.rs:241:13
    |
241 |         let mut c_ref_box = AlignedBox::allocate_init(3 * LDC, 0.0 as f16);
    |             ----^^^^^^^^^
    |             |
    |             help: remove this `mut`

warning: variable does not need to be mutable
   --> src\kernel\x86_64\f16_512\matmul_rms_complex.rs:256:13
    |
256 |         let mut rope_box = AlignedBox::allocate_init(LDC, 0.0 as f16);
    |             ----^^^^^^^^
    |             |
    |             help: remove this `mut`

warning: unnecessary `unsafe` block
   --> src\kernel\x86_64\f16_512\rms_norm.rs:187:9
    |
187 |         unsafe {
    |         ^^^^^^ unnecessary `unsafe` block

warning: variable does not need to be mutable
   --> src\kernel\x86_64\f16_512\rms_norm.rs:178:13
    |
178 |         let mut v1_box = AlignedBox::allocate_init(length, 0.0);
    |             ----^^^^^^
    |             |
    |             help: remove this `mut`

warning: variable does not need to be mutable
   --> src\kernel\x86_64\f16_512\rms_norm.rs:185:13
    |
185 |         let mut output_box = AlignedBox::allocate_init(length, 0.0);
    |             ----^^^^^^^^^^
    |             |
    |             help: remove this `mut`

warning: unnecessary `unsafe` block
   --> src\kernel\x86_64\f16_512\rms_norm.rs:226:9
    |
226 |         unsafe {
    |         ^^^^^^ unnecessary `unsafe` block

warning: unnecessary `unsafe` block
   --> src\kernel\x86_64\f16_512\rms_norm.rs:241:9
    |
241 |         unsafe {
    |         ^^^^^^ unnecessary `unsafe` block

warning: variable does not need to be mutable
   --> src\kernel\x86_64\f16_512\rms_norm.rs:216:13
    |
216 |         let mut v1_box = AlignedBox::allocate_init(length, 0.0);
    |             ----^^^^^^
    |             |
    |             help: remove this `mut`

warning: variable does not need to be mutable
   --> src\kernel\x86_64\f16_512\rms_norm.rs:224:13
    |
224 |         let mut output_box = AlignedBox::allocate_init(length, 0.0);
    |             ----^^^^^^^^^^
    |             |
    |             help: remove this `mut`

warning: variable does not need to be mutable
   --> src\kernel\x86_64\f16_512\rms_norm.rs:239:13
    |
239 |         let mut expected_box = AlignedBox::allocate_init(length, 0.0);
    |             ----^^^^^^^^^^^^
    |             |
    |             help: remove this `mut`

warning: unused variable: `weight_box`
   --> src\kernel\x86_64\f16_512\rms_norm.rs:223:13
    |
223 |         let weight_box = AlignedBox::allocate_init(length, 1.0);
    |             ^^^^^^^^^^ help: if this is intentional, prefix it with an underscore: `_weight_box`

warning: unnecessary `unsafe` block
  --> src\kernel\x86_64\f16_512\silu.rs:99:9
   |
99 |         unsafe {
   |         ^^^^^^ unnecessary `unsafe` block

warning: variable does not need to be mutable
  --> src\kernel\x86_64\f16_512\silu.rs:90:13
   |
90 |         let mut v1_box = AlignedBox::allocate_init(v1.len(), 0.0);
   |             ----^^^^^^
   |             |
   |             help: remove this `mut`

warning: variable does not need to be mutable
  --> src\kernel\x86_64\f16_512\silu.rs:98:13
   |
98 |         let mut output_box = AlignedBox::allocate_init(v1.len(), 0.0);
   |             ----^^^^^^^^^^
   |             |
   |             help: remove this `mut`

warning: unnecessary `unsafe` block
   --> src\kernel\x86_64\f16_512\truncated_topk_softmax.rs:111:9
    |
111 |         unsafe {
    |         ^^^^^^ unnecessary `unsafe` block

warning: variable does not need to be mutable
   --> src\kernel\x86_64\f16_512\truncated_topk_softmax.rs:109:13
    |
109 |         let mut out_token = 0usize;
    |             ----^^^^^^^^^
    |             |
    |             help: remove this `mut`

warning: unnecessary `unsafe` block
   --> src\kernel\x86_64\f32_256\experts_topk_softmax_norm.rs:258:9
    |
258 |         unsafe {
    |         ^^^^^^ unnecessary `unsafe` block

warning: variable does not need to be mutable
  --> src\kernel\x86_64\f32_256\truncated_topk_softmax.rs:87:13
   |
87 |         let mut out_token = 0usize;
   |             ----^^^^^^^^^
   |             |
   |             help: remove this `mut`

warning: unused variable: `sums`
  --> src\kernel\x86_64\f32_256\truncated_topk_softmax.rs:88:13
   |
88 |         let sums = vec![0.0f32; thread_num];
   |             ^^^^ help: if this is intentional, prefix it with an underscore: `_sums`

warning: variable does not need to be mutable
   --> src\mem_mgr\allocator.rs:138:13
    |
138 |         let mut boxed = AlignedBox::<f32>::allocate_init(length, 1.2);
    |             ----^^^^^
    |             |
    |             help: remove this `mut`

warning: variable does not need to be mutable
   --> src\mem_mgr\allocator.rs:149:13
    |
149 |         let mut boxed1 = AlignedBox::<usize>::allocate_init(length, 42);
    |             ----^^^^^^
    |             |
    |             help: remove this `mut`

warning: variable does not need to be mutable
   --> src\operators\elementwise\add_zip.rs:185:13
    |
185 |         let mut operator = AddZipMap::new(
    |             ----^^^^^^^^
    |             |
    |             help: remove this `mut`

warning: unused variable: `input_strides1`
   --> src\operators\elementwise\add_zip.rs:159:13
    |
159 |         let input_strides1 = get_strides(&shapes);
    |             ^^^^^^^^^^^^^^ help: if this is intentional, prefix it with an underscore: `_input_strides1`

warning: unused variable: `input_strides2`
   --> src\operators\elementwise\add_zip.rs:160:13
    |
160 |         let input_strides2 = get_strides(&shapes);
    |             ^^^^^^^^^^^^^^ help: if this is intentional, prefix it with an underscore: `_input_strides2`

warning: unused variable: `output_strides`
   --> src\operators\elementwise\add_zip.rs:161:13
    |
161 |         let output_strides = get_strides(&shapes);
    |             ^^^^^^^^^^^^^^ help: if this is intentional, prefix it with an underscore: `_output_strides`

warning: unused variable: `prefill_size`
  --> src\operators\elementwise\complex_zip.rs:65:23
   |
65 |     pub fn run(&self, prefill_size: usize, cpu_num: usize, thread_id: usize) {
   |                       ^^^^^^^^^^^^ help: if this is intentional, prefix it with an underscore: `_prefill_size`

warning: unused variable: `input_ptr1`
   --> src\operators\elementwise\complex_zip.rs:175:23
    |
175 |     fn compute(&self, input_ptr1: *const f64, input_ptr2: *const f64, output_ptr: *mut f64) {
    |                       ^^^^^^^^^^ help: if this is intentional, prefix it with an underscore: `_input_ptr1`

warning: unused variable: `input_ptr2`
   --> src\operators\elementwise\complex_zip.rs:175:47
    |
175 |     fn compute(&self, input_ptr1: *const f64, input_ptr2: *const f64, output_ptr: *mut f64) {
    |                                               ^^^^^^^^^^ help: if this is intentional, prefix it with an underscore: `_input_ptr2`

warning: unused variable: `output_ptr`
   --> src\operators\elementwise\complex_zip.rs:175:71
    |
175 |     fn compute(&self, input_ptr1: *const f64, input_ptr2: *const f64, output_ptr: *mut f64) {
    |                                                                       ^^^^^^^^^^ help: if this is intentional, prefix it with an underscore: `_output_ptr`

warning: variable does not need to be mutable
   --> src\operators\elementwise\complex_zip.rs:236:13
    |
236 |         let mut operator: ComplexZipMap<f32> = ComplexZipMap::new(
    |             ----^^^^^^^^
    |             |
    |             help: remove this `mut`

warning: unused variable: `input_strides2`
   --> src\operators\elementwise\silu_mul_zip.rs:181:13
    |
181 |         let input_strides2 = input_strides1.clone();
    |             ^^^^^^^^^^^^^^ help: if this is intentional, prefix it with an underscore: `_input_strides2`

warning: unused variable: `output_strides`
   --> src\operators\elementwise\silu_mul_zip.rs:182:13
    |
182 |         let output_strides = input_strides1.clone();
    |             ^^^^^^^^^^^^^^ help: if this is intentional, prefix it with an underscore: `_output_strides`

warning: unused variable: `experts_indicator`
   --> src\operators\expert\expert_matmul_mul.rs:907:13
    |
907 |         let experts_indicator = vec![true; num_experts];
    |             ^^^^^^^^^^^^^^^^^ help: if this is intentional, prefix it with an underscore: `_experts_indicator`

warning: unused variable: `experts_indicator`
   --> src\operators\expert\expert_matmul_mul.rs:999:13
    |
999 |         let experts_indicator = vec![true; num_experts];
    |             ^^^^^^^^^^^^^^^^^ help: if this is intentional, prefix it with an underscore: `_experts_indicator`

warning: unused variable: `experts_indicator`
    --> src\operators\expert\expert_matmul_mul.rs:1081:13
     |
1081 |         let experts_indicator = vec![true; num_experts];
     |             ^^^^^^^^^^^^^^^^^ help: if this is intentional, prefix it with an underscore: `_experts_indicator`

warning: unused variable: `experts_indicator`
    --> src\operators\expert\expert_matmul_mul.rs:1190:13
     |
1190 |         let experts_indicator = vec![true; num_experts];
     |             ^^^^^^^^^^^^^^^^^ help: if this is intentional, prefix it with an underscore: `_experts_indicator`

warning: unused variable: `experts_indicator`
    --> src\operators\expert\expert_matmul_mul.rs:1602:13
     |
1602 |         let experts_indicator = vec![true; num_experts];
     |             ^^^^^^^^^^^^^^^^^ help: if this is intentional, prefix it with an underscore: `_experts_indicator`

warning: unused variable: `experts_indicator`
    --> src\operators\expert\expert_matmul_mul.rs:1710:13
     |
1710 |         let experts_indicator = vec![true, false];
     |             ^^^^^^^^^^^^^^^^^ help: if this is intentional, prefix it with an underscore: `_experts_indicator`

warning: unused variable: `experts_indicator`
    --> src\operators\expert\expert_matmul_mul.rs:1795:13
     |
1795 |         let experts_indicator = vec![true, true, false];
     |             ^^^^^^^^^^^^^^^^^ help: if this is intentional, prefix it with an underscore: `_experts_indicator`

warning: unnecessary `unsafe` block
   --> src\operators\expert\expert_merge_add.rs:466:9
    |
466 |         unsafe {
    |         ^^^^^^ unnecessary `unsafe` block

warning: unnecessary `unsafe` block
    --> src\operators\matmul\matmul3.rs:1124:9
     |
1124 |         unsafe {
     |         ^^^^^^ unnecessary `unsafe` block

warning: unused variable: `input_ptr1`
   --> src\operators\normalization\add_rms_zip.rs:137:23
    |
137 |     fn compute(&self, input_ptr1: *const f64, input_ptr2: *const f64, output_ptr: *mut f64) {
    |                       ^^^^^^^^^^ help: if this is intentional, prefix it with an underscore: `_input_ptr1`

warning: unused variable: `input_ptr2`
   --> src\operators\normalization\add_rms_zip.rs:137:47
    |
137 |     fn compute(&self, input_ptr1: *const f64, input_ptr2: *const f64, output_ptr: *mut f64) {
    |                                               ^^^^^^^^^^ help: if this is intentional, prefix it with an underscore: `_input_ptr2`

warning: unused variable: `output_ptr`
   --> src\operators\normalization\add_rms_zip.rs:137:71
    |
137 |     fn compute(&self, input_ptr1: *const f64, input_ptr2: *const f64, output_ptr: *mut f64) {
    |                                                                       ^^^^^^^^^^ help: if this is intentional, prefix it with an underscore: `_output_ptr`

warning: variable does not need to be mutable
   --> src\operators\normalization\add_rms_zip.rs:189:13
    |
189 |         let mut operator = AddRMSZipMap::new(
    |             ----^^^^^^^^
    |             |
    |             help: remove this `mut`

warning: unused variable: `input_strides1`
   --> src\operators\normalization\add_rms_zip.rs:161:13
    |
161 |         let input_strides1 = vec![hidden_size, 1];
    |             ^^^^^^^^^^^^^^ help: if this is intentional, prefix it with an underscore: `_input_strides1`

warning: unused variable: `input_strides2`
   --> src\operators\normalization\add_rms_zip.rs:162:13
    |
162 |         let input_strides2 = vec![hidden_size, 1];
    |             ^^^^^^^^^^^^^^ help: if this is intentional, prefix it with an underscore: `_input_strides2`

warning: unused variable: `output_strides`
   --> src\operators\normalization\add_rms_zip.rs:163:13
    |
163 |         let output_strides = vec![hidden_size, 1];
    |             ^^^^^^^^^^^^^^ help: if this is intentional, prefix it with an underscore: `_output_strides`

warning: unused variable: `weight`
   --> src\operators\normalization\add_rms_zip.rs:171:13
    |
171 |         let weight = vec![1.0f32; hidden_size];
    |             ^^^^^^ help: if this is intentional, prefix it with an underscore: `_weight`

warning: unused variable: `batch_size`
   --> src\operators\normalization\lookup_rms_map.rs:363:13
    |
363 |         let batch_size = 2;
    |             ^^^^^^^^^^ help: if this is intentional, prefix it with an underscore: `_batch_size`

warning: variable does not need to be mutable
   --> src\operators\normalization\rms_map.rs:150:13
    |
150 |         let mut operator = RMSMap::new(
    |             ----^^^^^^^^
    |             |
    |             help: remove this `mut`

warning: variable does not need to be mutable
  --> src\operators\softmax\softmax_norm.rs:40:25
   |
40 |                     let mut boxed = AlignedBox::allocate_init(length, T::default());
   |                         ----^^^^^
   |                         |
   |                         help: remove this `mut`

warning: variable does not need to be mutable
  --> src\runtime\state\batch.rs:30:21
   |
30 |                 let mut merges: FxHashMap<String, u32> = FxHashMap::default();
   |                     ----^^^^^^
   |                     |
   |                     help: remove this `mut`

warning: variable does not need to be mutable
   --> src\tensor\moe.rs:251:13
    |
251 |         let mut expert_counts_box = AlignedBox::<AtomicUsize>::allocate(num_experts);
    |             ----^^^^^^^^^^^^^^^^^
    |             |
    |             help: remove this `mut`

warning: variable does not need to be mutable
   --> src\tensor\moe.rs:259:13
    |
259 |         let mut index_tensor = AlignedBox::allocate_init(num_experts * capacity_per_expert, 0usize);
    |             ----^^^^^^^^^^^^
    |             |
    |             help: remove this `mut`

warning: variable does not need to be mutable
   --> src\tensor\moe.rs:272:13
    |
272 |         let mut topk_indices = AlignedBox::allocate_init(num_tokens * num_topk, 0usize);
    |             ----^^^^^^^^^^^^
    |             |
    |             help: remove this `mut`

warning: variable does not need to be mutable
   --> src\tensor\tests\expert.rs:121:9
    |
121 |     let mut experts_box = AlignedBox::allocate_init(num_experts, false);
    |         ----^^^^^^^^^^^
    |         |
    |         help: remove this `mut`

warning: variable does not need to be mutable
   --> src\tensor\tests\expert.rs:125:9
    |
125 |     let mut indice_box = AlignedBox::allocate_init(num_experts * b, false);
    |         ----^^^^^^^^^^
    |         |
    |         help: remove this `mut`

warning: variable does not need to be mutable
   --> src\tensor\tests\expert.rs:288:9
    |
288 |     let mut experts_box = AlignedBox::allocate_init(num_experts, false);
    |         ----^^^^^^^^^^^
    |         |
    |         help: remove this `mut`

warning: variable does not need to be mutable
   --> src\tensor\tests\expert.rs:292:9
    |
292 |     let mut indice_box = AlignedBox::allocate_init(num_experts * b, false);
    |         ----^^^^^^^^^^
    |         |
    |         help: remove this `mut`

warning: variable does not need to be mutable
   --> src\tensor\tests\expert.rs:296:9
    |
296 |     let mut weight_box = AlignedBox::allocate_init(num_experts * b, 0.0f16);
    |         ----^^^^^^^^^^
    |         |
    |         help: remove this `mut`

warning: variable does not need to be mutable
   --> src\tensor\tests\expert.rs:300:9
    |
300 |     let mut topk_indices_box = AlignedBox::allocate_init(b * num_experts_per_tok, 0usize);
    |         ----^^^^^^^^^^^^^^^^
    |         |
    |         help: remove this `mut`

warning: variable does not need to be mutable
   --> src\tensor\tests\expert.rs:455:9
    |
455 |     let mut experts_box = AlignedBox::allocate_init(num_experts, false);
    |         ----^^^^^^^^^^^
    |         |
    |         help: remove this `mut`

warning: variable does not need to be mutable
   --> src\tensor\tests\expert.rs:459:9
    |
459 |     let mut indice_box = AlignedBox::allocate_init(num_experts * num_tokens, false);
    |         ----^^^^^^^^^^
    |         |
    |         help: remove this `mut`

warning: variable does not need to be mutable
  --> src\tensor\tests\performance.rs:54:9
   |
54 |     let mut a = vec![0.0f16; M * K];
   |         ----^
   |         |
   |         help: remove this `mut`

warning: unused variable: `i`
  --> src\tensor\tests\topk_softmax.rs:45:9
   |
45 |     for i in 0..batch_size {
   |         ^ help: if this is intentional, prefix it with an underscore: `_i`

warning: unused variable: `i`
   --> src\tensor\tests\topk_softmax.rs:201:9
    |
201 |     for i in 0..batch_size {
    |         ^ help: if this is intentional, prefix it with an underscore: `_i`

warning: variable does not need to be mutable
   --> src\transformer\model.rs:343:13
    |
343 |         let mut sequences_box =
    |             ----^^^^^^^^^^^^^
    |             |
    |             help: remove this `mut`

warning: variable does not need to be mutable
   --> src\transformer\model.rs:419:13
    |
419 |         let mut sequences_box =
    |             ----^^^^^^^^^^^^^
    |             |
    |             help: remove this `mut`

warning: unused variable: `out`
  --> src\transformer\sparse_moe\tests.rs:97:9
   |
97 |     let out = moe.forward(
   |         ^^^ help: if this is intentional, prefix it with an underscore: `_out`

warning: unused variable: `out`
   --> src\transformer\sparse_moe\tests.rs:134:9
    |
134 |     let out = moe.forward(
    |         ^^^ help: if this is intentional, prefix it with an underscore: `_out`

Some errors have detailed explanations: E0308, E0599.
For more information about an error, try `rustc --explain E0308`.
warning: `eLLM` (lib test) generated 160 warnings (22 duplicates)
error: could not compile `eLLM` (lib test) due to 30 previous errors; 160 warnings emitted
